core_cm7.h:2229:22:SCB_EnableICache	4	static,ignoring_inline_asm
core_cm7.h:2281:22:SCB_EnableDCache	24	static,ignoring_inline_asm
core_cm7.h:2606:26:ITM_SendChar	16	static,ignoring_inline_asm
main.c:151:5:_write	32	static
main.c:160:13:LCD_Config	8	static
main.c:186:13:CPU_CACHE_Enable	8	static
main.c:195:13:Screen_Init	16	static
main.c:212:6:Screen_Flip_Buffers	16	static
main.c:228:5:main	48	static
main.c:333:6:SystemClock_Config	216	static
main.c:406:13:MX_ADC3_Init	24	static
main.c:456:13:MX_CRC_Init	8	static
main.c:487:13:MX_DMA2D_Init	8	static
main.c:524:13:MX_LTDC_Init	112	static
main.c:606:13:MX_QUADSPI_Init	8	static
main.c:641:13:MX_RTC_Init	80	static
main.c:733:13:MX_SDMMC1_SD_Init	8	static
main.c:769:13:MX_TIM3_Init	64	static
main.c:828:13:MX_TIM5_Init	64	static
main.c:887:13:MX_TIM8_Init	40	static
main.c:934:13:MX_TIM12_Init	40	static
main.c:976:13:MX_USART1_UART_Init	8	static
main.c:1011:13:MX_USART6_UART_Init	8	static
main.c:1044:13:MX_DMA_Init	16	static
main.c:1061:13:MX_FMC_Init	40	static
main.c:1112:13:MX_GPIO_Init	72	static
main.c:1413:9:scan_files	224	static
main.c:1453:9:read_filename	208	static
main.c:1493:6:StartuSDThread	128	static
main.c:1592:6:StartLCDThread	40	static
main.c:1642:6:Error_Handler	4	static,ignoring_inline_asm
