core_cm7.h:2229:22:SCB_EnableICache	4	static,ignoring_inline_asm
core_cm7.h:2281:22:SCB_EnableDCache	24	static,ignoring_inline_asm
main.c:145:5:_write	24	static
main.c:151:13:LCD_Config	8	static
main.c:177:13:CPU_CACHE_Enable	8	static
main.c:186:13:Screen_Init	16	static
main.c:203:6:Screen_Flip_Buffers	16	static
main.c:219:5:main	48	static
main.c:324:6:SystemClock_Config	216	static
main.c:397:13:MX_ADC3_Init	24	static
main.c:447:13:MX_CRC_Init	8	static
main.c:478:13:MX_DMA2D_Init	8	static
main.c:515:13:MX_LTDC_Init	112	static
main.c:597:13:MX_QUADSPI_Init	8	static
main.c:632:13:MX_RTC_Init	80	static
main.c:724:13:MX_SDMMC1_SD_Init	8	static
main.c:760:13:MX_TIM3_Init	64	static
main.c:819:13:MX_TIM5_Init	64	static
main.c:878:13:MX_TIM8_Init	40	static
main.c:925:13:MX_TIM12_Init	40	static
main.c:967:13:MX_USART1_UART_Init	8	static
main.c:1002:13:MX_USART6_UART_Init	8	static
main.c:1035:13:MX_DMA_Init	16	static
main.c:1052:13:MX_FMC_Init	40	static
main.c:1103:13:MX_GPIO_Init	72	static
main.c:1404:9:scan_files	224	static
main.c:1444:9:read_filename	208	static
main.c:1484:6:StartuSDThread	128	static
main.c:1583:6:StartLCDThread	40	static
main.c:1633:6:Error_Handler	4	static,ignoring_inline_asm
