stm32f7xx_it.c:74:6:NMI_Handler	4	static
stm32f7xx_it.c:89:6:HardFault_Handler	4	static
stm32f7xx_it.c:104:6:MemManage_Handler	4	static
stm32f7xx_it.c:119:6:BusFault_Handler	4	static
stm32f7xx_it.c:134:6:UsageFault_Handler	4	static
stm32f7xx_it.c:149:6:DebugMon_Handler	4	static
stm32f7xx_it.c:162:6:SysTick_Handler	8	static
stm32f7xx_it.c:191:6:LTDC_IRQHandler	8	static
stm32f7xx_it.c:205:6:DMA2D_IRQHandler	8	static
stm32f7xx_it.c:229:6:SDMMC1_IRQHandler	8	static
stm32f7xx_it.c:239:6:DMA2_Stream6_IRQHandler	8	static
stm32f7xx_it.c:249:6:DMA2_Stream3_IRQHandler	8	static
