stm32f7xx_hal_msp.c:69:6:HAL_MspInit	16	static
stm32f7xx_hal_msp.c:93:6:HAL_ADC_MspInit	48	static
stm32f7xx_hal_msp.c:138:6:HAL_ADC_MspDeInit	16	static
stm32f7xx_hal_msp.c:174:6:HAL_CRC_MspInit	24	static
stm32f7xx_hal_msp.c:196:6:HAL_CRC_MspDeInit	16	static
stm32f7xx_hal_msp.c:218:6:HAL_DMA2D_MspInit	24	static
stm32f7xx_hal_msp.c:243:6:HAL_DMA2D_MspDeInit	16	static
stm32f7xx_hal_msp.c:268:6:HAL_LTDC_MspInit	64	static
stm32f7xx_hal_msp.c:369:6:HAL_LTDC_MspDeInit	16	static
stm32f7xx_hal_msp.c:438:6:HAL_QSPI_MspInit	56	static
stm32f7xx_hal_msp.c:501:6:HAL_QSPI_MspDeInit	16	static
stm32f7xx_hal_msp.c:538:6:HAL_RTC_MspInit	16	static
stm32f7xx_hal_msp.c:560:6:HAL_RTC_MspDeInit	16	static
stm32f7xx_hal_msp.c:582:6:HAL_SD_MspInit	48	static
stm32f7xx_hal_msp.c:680:6:HAL_SD_MspDeInit	16	static
stm32f7xx_hal_msp.c:719:6:HAL_TIM_Base_MspInit	32	static
stm32f7xx_hal_msp.c:763:6:HAL_TIM_PWM_MspInit	24	static
stm32f7xx_hal_msp.c:779:6:HAL_TIM_MspPostInit	48	static
stm32f7xx_hal_msp.c:852:6:HAL_TIM_Base_MspDeInit	16	static
stm32f7xx_hal_msp.c:896:6:HAL_TIM_PWM_MspDeInit	16	static
stm32f7xx_hal_msp.c:918:6:HAL_UART_MspInit	56	static
stm32f7xx_hal_msp.c:986:6:HAL_UART_MspDeInit	16	static
stm32f7xx_hal_msp.c:1031:13:HAL_FMC_MspInit	32	static
stm32f7xx_hal_msp.c:1137:6:HAL_SDRAM_MspInit	16	static
stm32f7xx_hal_msp.c:1149:13:HAL_FMC_MspDeInit	8	static
stm32f7xx_hal_msp.c:1223:6:HAL_SDRAM_MspDeInit	16	static
